"pressure-top-wall-rfile"
"Iteration" "pressure-top-wall"
("Iteration" "pressure-top-wall")
1 16.73243
2 21.04063
3 21.73778
4 17.40619
5 8.7793
6 0.3117745
7 -7.044955
8 -11.95545
9 -16.23377
10 -18.50519
11 -20.1358
12 -20.94298
13 -21.20621
14 -21.0878
15 -20.92823
16 -20.76292
17 -20.62427
18 -20.49889
19 -20.35574
20 -20.37068
21 -20.27571
22 -20.2619
23 -20.35153
24 -20.27623
25 -20.30841
26 -20.34721
27 -20.353
28 -20.31102
29 -20.31744
30 -20.29555
31 -20.19395
32 -20.01953
33 -19.94897
34 -19.93404
35 -19.82349
36 -19.77497
37 -19.72286
38 -19.73606
39 -19.75023
40 -19.79074
41 -19.85293
42 -19.95402
43 -20.05276
44 -20.17297
45 -20.28273
46 -20.41407
47 -20.58178
48 -20.73312
49 -20.90855
50 -21.08379
51 -21.25276
52 -21.41072
53 -21.57066
54 -21.71684
55 -21.85974
56 -21.99059
57 -22.11866
58 -22.25395
59 -22.37696
60 -22.4931
61 -22.5969
62 -22.69501
63 -22.78189
64 -22.85939
65 -22.93271
66 -22.99545
67 -23.04924
68 -23.0947
69 -23.13128
70 -23.16192
71 -23.18393
72 -23.19934
73 -23.20606
74 -23.20642
75 -23.20358
76 -23.19617
77 -23.18297
78 -23.16758
79 -23.14846
80 -23.12643
81 -23.10344
82 -23.07825
83 -23.05182
84 -23.02617
