"report-def-0-rfile"
"Time Step" "report-def-0 etc.."
("Time Step" "report-def-0" "flow-time")
0 0 0
1 -0.04728259 0.1
2 -0.05028865 0.2
3 -0.0525632 0.3
4 -0.05569109 0.4
5 -0.05927032 0.5
6 -0.06317996 0.6
7 -0.06739032 0.7
8 -0.07189963 0.8
9 -0.07671379 0.9
10 -0.08184119 1
11 -0.0872861 1.1
12 -0.09304438 1.2
13 -0.09910345 1.3
14 -0.105442 1.4
15 -0.1120327 1.5
16 -0.1188411 1.6
17 -0.1258377 1.7
18 -0.1329896 1.8
19 -0.1402649 1.9
20 -0.1476289 2
21 -0.1550384 2.1
22 -0.162453 2.2
23 -0.1698311 2.3
24 -0.1771132 2.4
25 -0.1842446 2.5
26 -0.1911736 2.6
27 -0.1978547 2.7
28 -0.2042335 2.8
29 -0.2102623 2.9
30 -0.2159008 3
31 -0.2211087 3.1
32 -0.2258644 3.2
33 -0.2301488 3.3
34 -0.2339451 3.4
35 -0.2372506 3.5
36 -0.2400756 3.6
37 -0.2424145 3.7
38 -0.2442632 3.8
39 -0.2456333 3.9
40 -0.2465557 4
41 -0.2470614 4.1
42 -0.247168 4.2
43 -0.2468873 4.3
44 -0.2462581 4.4
45 -0.2452977 4.5
46 -0.2440386 4.6
47 -0.2424996 4.7
48 -0.240696 4.8
49 -0.2386529 4.9
50 -0.2363882 5
51 -0.2339113 5.1
52 -0.2312387 5.2
53 -0.2284001 5.3
54 -0.2254021 5.4
55 -0.2222533 5.5
56 -0.2189828 5.6
57 -0.2156111 5.7
58 -0.2121393 5.8
59 -0.2085796 5.9
60 -0.2049539 6
61 -0.20128 6.1
62 -0.1975522 6.2
63 -0.193761 6.3
64 -0.1898998 6.4
65 -0.1859875 6.5
66 -0.1820432 6.6
67 -0.1780729 6.7
68 -0.1740802 6.8
69 -0.1700668 6.9
70 -0.1660389 7
71 -0.1620087 7.1
72 -0.1579825 7.2
73 -0.1539761 7.3
74 -0.1500071 7.4
75 -0.1460897 7.5
76 -0.1422293 7.6
77 -0.1384192 7.7
78 -0.1346631 7.8
79 -0.1309461 7.9
80 -0.1272611 8
81 -0.1236078 8.1
82 -0.1199883 8.2
83 -0.1164145 8.3
84 -0.1128688 8.400001
85 -0.1093691 8.5
86 -0.1059278 8.6
87 -0.1025466 8.7
88 -0.09921994 8.8
89 -0.09594814 8.900001
90 -0.09273457 9
91 -0.08958429 9.1
92 -0.08649663 9.2
93 -0.08347468 9.3
94 -0.08051696 9.400001
95 -0.07762516 9.5
96 -0.07479692 9.6
97 -0.07203245 9.7
98 -0.06933623 9.8
99 -0.06672041 9.900001
100 -0.06417019 10
101 -0.06167758 10.1
102 -0.05924259 10.2
103 -0.05686905 10.3
104 -0.05455429 10.4
105 -0.05229574 10.5
106 -0.05009017 10.6
107 -0.04793622 10.7
108 -0.04583203 10.8
109 -0.04377836 10.9
110 -0.04177681 11
111 -0.0398272 11.1
112 -0.03792823 11.2
113 -0.03608034 11.3
114 -0.03431012 11.4
115 -0.03256949 11.5
116 -0.03089629 11.6
117 -0.02924888 11.7
118 -0.02766612 11.8
119 -0.02613406 11.9
120 -0.02464759 12
121 -0.02320506 12.1
122 -0.02180566 12.2
123 -0.02044916 12.3
124 -0.01913454 12.4
125 -0.01786062 12.5
126 -0.01662638 12.6
127 -0.01543088 12.7
128 -0.01427245 12.8
129 -0.0131506 12.9
130 -0.01206351 13
131 -0.01104867 13.1
132 -0.01003876 13.2
133 -0.009050116 13.3
134 -0.008124904 13.4
135 -0.007204541 13.5
136 -0.006338206 13.6
137 -0.005475277 13.7
138 -0.004738712 13.8
139 -0.003952689 13.9
140 -0.003193778 14
141 -0.002432034 14.1
142 -0.001779292 14.2
143 -0.001081903 14.3
144 -0.0004711756 14.4
145 0.0001857391 14.5
146 0.000762535 14.6
147 0.001360413 14.7
148 0.001954512 14.8
149 0.002481978 14.9
150 0.003051817 15
151 0.003419295 15.1
152 0.003898975 15.2
153 0.004360652 15.3
154 0.004853221 15.4
155 0.00530188 15.5
156 0.005772525 15.6
157 0.006199284 15.7
158 0.006645817 15.8
159 0.006942573 15.9
160 0.007333932 16
161 0.007611273 16.1
162 0.007984173 16.2
163 0.008249762 16.3
164 0.008607331 16.4
165 0.008862285 16.5
166 0.009090832 16.6
167 0.009421948 16.7
168 0.009661881 16.8
169 0.009877992 16.9
170 0.01019096 17
171 0.01041794 17.1
172 0.01062225 17.2
173 0.01091766 17.3
174 0.01113199 17.4
175 0.01132508 17.5
176 0.01160411 17.6
177 0.01180681 17.7
178 0.011989 17.8
179 0.01216515 17.9
180 0.01233785 18
181 0.01250794 18.1
182 0.01275822 18.2
183 0.01294179 18.3
184 0.01310716 18.4
185 0.01326716 18.5
186 0.01342391 18.6
187 0.01357838 18.7
188 0.01373049 18.8
189 0.01388047 18.9
190 0.01402824 19
191 0.01417388 19.1
192 0.01431749 19.2
193 0.01445896 19.3
194 0.01459835 19.4
195 0.0147357 19.5
196 0.01487102 19.6
197 0.01500424 19.7
198 0.01513545 19.8
199 0.01526469 19.9
200 0.01539194 20
201 0.01551726 20.1
202 0.01564068 20.2
203 0.01576219 20.3
204 0.01588184 20.4
205 0.01599961 20.5
206 0.0161155 20.6
207 0.01622963 20.7
208 0.01634194 20.8
209 0.01645253 20.9
210 0.01656144 21
211 0.01666876 21.1
212 0.01677449 21.2
213 0.01687869 21.3
214 0.0169814 21.4
215 0.01708267 21.5
216 0.01718235 21.6
217 0.01728059 21.7
218 0.01737736 21.8
219 0.01747284 21.9
220 0.01756688 22
221 0.01765958 22.1
222 0.01775108 22.2
223 0.0178414 22.3
224 0.01793047 22.4
225 0.0180186 22.5
226 0.01810547 22.6
227 0.01819118 22.7
228 0.01827575 22.8
229 0.0183592 22.9
230 0.01844158 23
231 0.01852295 23.1
232 0.01860334 23.2
233 0.01868278 23.3
234 0.01876127 23.4
235 0.01883893 23.5
236 0.01891571 23.6
237 0.01899167 23.7
238 0.01906693 23.8
239 0.01914137 23.9
240 0.01921505 24
241 0.01928806 24.1
242 0.01936036 24.2
243 0.01943211 24.3
244 0.01950314 24.4
245 0.0195736 24.5
246 0.01964352 24.6
247 0.0197129 24.7
248 0.01978181 24.8
249 0.01985026 24.9
250 0.0199182 25
